<html>
<body>
<pre>
<h1>µVision Build Log</h1>
<h2>Project:</h2>
C:\Users\Max Wang\Documents\319k labs\students\csw2352_mw35322\Lab5\Lab5.uvproj
Project File Date:  03/05/2016

<h2>Output:</h2>
Build target 'Lab5'
compiling TableTrafficLight.c...
linking...
Program Size: Code=3952 RO-data=15088 RW-data=68 ZI-data=1756  
".\Lab5.axf" - 0 Error(s), 0 Warning(s).
  SysTick_Init();
TableTrafficLight.c: 1 warning, 0 errors
compiling SysTick.c...
linking...
Program Size: Code=3784 RO-data=14296 RW-data=68 ZI-data=1756  
".\Lab5.axf" - 0 Error(s), 1 Warning(s).
